docker compose -f docker-compose.test.yml up -d postgres_test
time="2026-06-05T23:49:41+01:00" level=warning msg="Found orphan containers ([propiq_postgres]) for this project. If you removed or renamed this service in your compose file, you can run this command with the --remove-orphans flag to clean it up."
 Container propiq_postgres_test  Running
cd backend && \
		TEST_DATABASE_URL="postgresql+asyncpg://propiq:propiq@localhost:5433/propiq_test" \
		poetry run pytest tests/integration/ tests/api/ -v --tb=short
============================= test session starts ==============================
platform darwin -- Python 3.14.5, pytest-8.4.2, pluggy-1.6.0 -- /Users/admin/Library/Caches/pypoetry/virtualenvs/propiq-backend-7lHqIK0n-py3.14/bin/python
cachedir: .pytest_cache
rootdir: /Users/admin/Documents/Projects/propiq-platform/backend
configfile: pyproject.toml
plugins: asyncio-0.24.0, cov-6.3.0, anyio-4.13.0
asyncio: mode=Mode.AUTO, default_loop_scope=None
collecting ... ERROR: file or directory not found: tests/api/

collected 0 items

============================ no tests ran in 0.01s =============================
make: *** [test-int] Error 4
