make: *** No rule to make target `test-int'.  Stop.
